// Vitest Snapshot v1, https://vitest.dev/guide/snapshot.html

exports[`[ConfigButton] Rendering > should render correctly 1`] = `
{
  "asFragment": [Function],
  "baseElement": <body>
    <div>
      <a
        class="text-white h-12 border-2 border-white flex items-center p-0 relative group cursor-clickable"
        href="/game"
      >
        <div
          class="absolute w-0 bg-white inset-0 transition-all duration-[250ms] group-hover:w-full"
        />
        <span
          class="relative pl-4 group-hover:text-black group-hover:font-bold"
        >
          B
          u
          t
          t
          o
          n
        </span>
      </a>
    </div>
  </body>,
  "container": <div>
    <a
      class="text-white h-12 border-2 border-white flex items-center p-0 relative group cursor-clickable"
      href="/game"
    >
      <div
        class="absolute w-0 bg-white inset-0 transition-all duration-[250ms] group-hover:w-full"
      />
      <span
        class="relative pl-4 group-hover:text-black group-hover:font-bold"
      >
        B
        u
        t
        t
        o
        n
      </span>
    </a>
  </div>,
  "debug": [Function],
  "findAllByAltText": [Function],
  "findAllByDisplayValue": [Function],
  "findAllByLabelText": [Function],
  "findAllByPlaceholderText": [Function],
  "findAllByRole": [Function],
  "findAllByTestId": [Function],
  "findAllByText": [Function],
  "findAllByTitle": [Function],
  "findByAltText": [Function],
  "findByDisplayValue": [Function],
  "findByLabelText": [Function],
  "findByPlaceholderText": [Function],
  "findByRole": [Function],
  "findByTestId": [Function],
  "findByText": [Function],
  "findByTitle": [Function],
  "getAllByAltText": [Function],
  "getAllByDisplayValue": [Function],
  "getAllByLabelText": [Function],
  "getAllByPlaceholderText": [Function],
  "getAllByRole": [Function],
  "getAllByTestId": [Function],
  "getAllByText": [Function],
  "getAllByTitle": [Function],
  "getByAltText": [Function],
  "getByDisplayValue": [Function],
  "getByLabelText": [Function],
  "getByPlaceholderText": [Function],
  "getByRole": [Function],
  "getByTestId": [Function],
  "getByText": [Function],
  "getByTitle": [Function],
  "queryAllByAltText": [Function],
  "queryAllByDisplayValue": [Function],
  "queryAllByLabelText": [Function],
  "queryAllByPlaceholderText": [Function],
  "queryAllByRole": [Function],
  "queryAllByTestId": [Function],
  "queryAllByText": [Function],
  "queryAllByTitle": [Function],
  "queryByAltText": [Function],
  "queryByDisplayValue": [Function],
  "queryByLabelText": [Function],
  "queryByPlaceholderText": [Function],
  "queryByRole": [Function],
  "queryByTestId": [Function],
  "queryByText": [Function],
  "queryByTitle": [Function],
  "rerender": [Function],
  "unmount": [Function],
}
`;
